// Jest Snapshot v1, https://goo.gl/fbAQLP

exports[`link is correct 1`] = `
<a
  aria-label="Confira este tweet no twitter"
  href="https://twitter.com/johndoe/status/1"
  target="_blank"
>
  John Doe
   
  <span>
    @
    johndoe
  </span>
</a>
`;
